C:/Users/Moham/Desktop/Coding/Embedded/test2/Core/Src/main.c:105:6:HAL_I2S_RxHalfCpltCallback	16	static
C:/Users/Moham/Desktop/Coding/Embedded/test2/Core/Src/main.c:116:6:HAL_I2S_RxCpltCallback	16	static
C:/Users/Moham/Desktop/Coding/Embedded/test2/Core/Src/main.c:130:5:main	24	static
C:/Users/Moham/Desktop/Coding/Embedded/test2/Core/Src/main.c:209:6:SystemClock_Config	88	static
C:/Users/Moham/Desktop/Coding/Embedded/test2/Core/Src/main.c:247:13:MX_I2S2_Init	8	static
C:/Users/Moham/Desktop/Coding/Embedded/test2/Core/Src/main.c:276:13:MX_DMA_Init	16	static
C:/Users/Moham/Desktop/Coding/Embedded/test2/Core/Src/main.c:288:13:MX_GPIO_Init	24	static
C:/Users/Moham/Desktop/Coding/Embedded/test2/Core/Src/main.c:308:6:Error_Handler	4	static,ignoring_inline_asm
