C:/Users/Moham/Desktop/Coding/Embedded/test2/Core/Src/main.c:72:5:main	8	static
C:/Users/Moham/Desktop/Coding/Embedded/test2/Core/Src/main.c:123:6:SystemClock_Config	88	static
C:/Users/Moham/Desktop/Coding/Embedded/test2/Core/Src/main.c:169:13:MX_I2S2_Init	8	static
C:/Users/Moham/Desktop/Coding/Embedded/test2/Core/Src/main.c:201:13:MX_DMA_Init	16	static
C:/Users/Moham/Desktop/Coding/Embedded/test2/Core/Src/main.c:219:13:MX_GPIO_Init	24	static
C:/Users/Moham/Desktop/Coding/Embedded/test2/Core/Src/main.c:236:6:HAL_I2S_RxCpltCallback	16	static
C:/Users/Moham/Desktop/Coding/Embedded/test2/Core/Src/main.c:245:6:Error_Handler	4	static,ignoring_inline_asm
